Jacquilyn Reilly
Loh for AST 4762, Fall 2026

*****IN: Wed Aug 26 15:07:00 EDT 2026
Opened TextEdit, started this log, saved as:
/Desktop/0-ast4762-jacquilyn.log
Name: Jacquilyn Reilly
Username: Jacquilyn
What astronomy classes have you taken?:
AST2002: Astronomy, AST3110: Solar System Astronomy, AST4152: Planetary Geophysics, AST4700: Experimental Methods in Astronomy
Are you generally comfortable with calculus and physics?:
Yes
Have you ever programmed a computer?:
Yes
In what language(s)?:
Python
Have you ever taken a programming class, if so which?:
Yes, COP2500: Concepts in Computer Science, and the LPS Qubit Collaborator Quantum Computing Summer Short Course
Will you be attending the DPS conference this year, or will you be away otherwise?:
I have no current plans to do so
Why are you taking this course?:
To become comfortable using computing methods to make my science more accurate, reliable, and faster to perform and retrieve
Are there particular topics you hope to learn?:
I am interested in any graphic techniques that may be useful
If you have programmed outside this course before, please briefly describe:
I was the lead of a team which programmed payloads for a weather balloon line in the National Eclipse Ballooning Project from 2022-2024 and in the previously mentioned Quantum Computing course we practiced programming quantum computers remotely
If you have worked with scientific data before, briefly describe your experience:
I under Dr. Jayan Thomas in 2022 on perovskite solar cell research and development, and later under Dr. Donaldson Hanna and Dr. Martin on spectroscopically matching the Trojan Asteroids to determine their composition
Please describe any projects in astronomy, including involvement in amateur groups, owning a telescope, research, et.: See above... This past summer I interned at the Planetarium in the Bishop Museum of Nature and Science
After closing this file: 
Will make folder hw0_jacquilyn/
Will copy 0-ast4762-jacquilyn.log into hw0-jacquilyn/
Will zip hw0_jacquilyn/
Will submit zipped file to Webcourses
*****OUT: Wed Aug 26 15:25:00 EDT 2026


